// Jest Snapshot v1, https://goo.gl/fbAQLP

exports[`Header renders 1`] = `
<div
  className="header"
  style={
    Object {
      "paddingBottom": 5,
      "paddingLeft": 20,
      "paddingTop": 5,
    }
  }
>
  <div
    className="currentInterface"
  >
    <p>
      Active Interface: 
      Wi-Fi
    </p>
  </div>
  <div
    className="selectInterface"
  >
    <p>
      Select Interface:
    </p>
    <DropDownMenu
      anchorOrigin={
        Object {
          "horizontal": "left",
          "vertical": "top",
        }
      }
      animated={true}
      autoWidth={true}
      disabled={false}
      iconButton={<NavigationArrowDropDown />}
      labelStyle={
        Object {
          "color": "white",
        }
      }
      maxHeight={500}
      multiple={false}
      onChange={[Function]}
      openImmediately={false}
      style={Object {}}
      value={
        Object {
          "gateway_ip": "192.168.20.1",
          "ip_address": "192.168.20.106",
          "mac_address": "34:13:E8:29:47:B2",
          "model": "Intel(R) Dual Band Wireless-AC 7265",
          "name": "Wi-Fi",
          "netmask": "255.255.255.0",
          "type": "Wireless",
          "vendor": "Intel Corporation",
        }
      }
    >
      <MenuItem
        anchorOrigin={
          Object {
            "horizontal": "right",
            "vertical": "top",
          }
        }
        checked={false}
        desktop={false}
        disabled={false}
        focusState="none"
        insetChildren={false}
        key="Wi-Fi"
        primaryText="Wi-Fi"
        targetOrigin={
          Object {
            "horizontal": "left",
            "vertical": "top",
          }
        }
        value="Wi-Fi"
      />
      <MenuItem
        anchorOrigin={
          Object {
            "horizontal": "right",
            "vertical": "top",
          }
        }
        checked={false}
        desktop={false}
        disabled={false}
        focusState="none"
        insetChildren={false}
        key="Ethernet"
        primaryText="Ethernet"
        targetOrigin={
          Object {
            "horizontal": "left",
            "vertical": "top",
          }
        }
        value="Ethernet"
      />
    </DropDownMenu>
  </div>
</div>
`;
